                                                                       
 ######                                                                
#......###########                                                     
#.>...............#  #######                                           
#.................# #.......#                                          
#.................# #.......#                                          
#.................# #.......#                                          
#.................###.......#                                          
#...........................#               test                       
 ######.....................#                                          
       #########............#                                          
                #.........##          ################################ 
                #.........#      ######.........../-----\............# 
                #.........#     #................/       \...........# 
                #.........#     #.............../         \..........# 
                #.........###  #................|  SHOP   |..........# 
                #............###................|    _    |..........# 
                #...............................|   |1|   |..........# 
                #...............................-----.-----..........# 
                 ###.................................................# 
                    ##.......###.....................................# 
     #######         #.......# #.....................................# 
    #.......#        #.......#  ###################################### 
    #.......#         #....##                                          
  ###.......##        #....#    ######                                 
 #............#########....#   #2.....#                                
 #................#........#####......#                                
 #................#...................#                                
 #................#...................#                                
 #................#........#####......#                                
#..........................#   #......#                                
#..........................#    ######                                 
#......####.........#......#                                           
#......#   ##.......#......#                                           
#......#    #.......#......#                                           
#......#    #.......#######                                            
#......#     #######                                                   
 ######                                                                
                                                                       
                                                                       
